------------------------------------------------------------
Timing Analyzer Summary
------------------------------------------------------------

Type  : Slow 1200mV 85C Model Setup 'serdes_inst|lvds_tx_inst|ALTLVDS_TX_component|auto_generated|lvds_tx_pll|clk[0]'
Slack : 2.990
TNS   : 0.000

Type  : Slow 1200mV 85C Model Setup 'serdes_inst|lvds_tx_inst|ALTLVDS_TX_component|auto_generated|lvds_tx_pll|clk[1]'
Slack : 5.828
TNS   : 0.000

Type  : Slow 1200mV 85C Model Hold 'serdes_inst|lvds_tx_inst|ALTLVDS_TX_component|auto_generated|lvds_tx_pll|clk[1]'
Slack : 0.439
TNS   : 0.000

Type  : Slow 1200mV 85C Model Hold 'serdes_inst|lvds_tx_inst|ALTLVDS_TX_component|auto_generated|lvds_tx_pll|clk[0]'
Slack : 0.500
TNS   : 0.000

Type  : Slow 1200mV 85C Model Recovery 'serdes_inst|lvds_tx_inst|ALTLVDS_TX_component|auto_generated|lvds_tx_pll|clk[1]'
Slack : 37.765
TNS   : 0.000

Type  : Slow 1200mV 85C Model Removal 'serdes_inst|lvds_tx_inst|ALTLVDS_TX_component|auto_generated|lvds_tx_pll|clk[1]'
Slack : 1.582
TNS   : 0.000

Type  : Slow 1200mV 85C Model Minimum Pulse Width 'serdes_inst|lvds_tx_inst|ALTLVDS_TX_component|auto_generated|lvds_tx_pll|clk[0]'
Slack : 3.519
TNS   : 0.000

Type  : Slow 1200mV 85C Model Minimum Pulse Width 'i_clk50MHz'
Slack : 9.858
TNS   : 0.000

Type  : Slow 1200mV 85C Model Minimum Pulse Width 'serdes_inst|lvds_tx_inst|ALTLVDS_TX_component|auto_generated|lvds_tx_pll|clk[1]'
Slack : 19.670
TNS   : 0.000

Type  : Slow 1200mV 0C Model Setup 'serdes_inst|lvds_tx_inst|ALTLVDS_TX_component|auto_generated|lvds_tx_pll|clk[0]'
Slack : 3.167
TNS   : 0.000

Type  : Slow 1200mV 0C Model Setup 'serdes_inst|lvds_tx_inst|ALTLVDS_TX_component|auto_generated|lvds_tx_pll|clk[1]'
Slack : 5.940
TNS   : 0.000

Type  : Slow 1200mV 0C Model Hold 'serdes_inst|lvds_tx_inst|ALTLVDS_TX_component|auto_generated|lvds_tx_pll|clk[1]'
Slack : 0.401
TNS   : 0.000

Type  : Slow 1200mV 0C Model Hold 'serdes_inst|lvds_tx_inst|ALTLVDS_TX_component|auto_generated|lvds_tx_pll|clk[0]'
Slack : 0.470
TNS   : 0.000

Type  : Slow 1200mV 0C Model Recovery 'serdes_inst|lvds_tx_inst|ALTLVDS_TX_component|auto_generated|lvds_tx_pll|clk[1]'
Slack : 37.927
TNS   : 0.000

Type  : Slow 1200mV 0C Model Removal 'serdes_inst|lvds_tx_inst|ALTLVDS_TX_component|auto_generated|lvds_tx_pll|clk[1]'
Slack : 1.440
TNS   : 0.000

Type  : Slow 1200mV 0C Model Minimum Pulse Width 'serdes_inst|lvds_tx_inst|ALTLVDS_TX_component|auto_generated|lvds_tx_pll|clk[0]'
Slack : 3.519
TNS   : 0.000

Type  : Slow 1200mV 0C Model Minimum Pulse Width 'i_clk50MHz'
Slack : 9.855
TNS   : 0.000

Type  : Slow 1200mV 0C Model Minimum Pulse Width 'serdes_inst|lvds_tx_inst|ALTLVDS_TX_component|auto_generated|lvds_tx_pll|clk[1]'
Slack : 19.677
TNS   : 0.000

Type  : Fast 1200mV 0C Model Setup 'serdes_inst|lvds_tx_inst|ALTLVDS_TX_component|auto_generated|lvds_tx_pll|clk[0]'
Slack : 3.542
TNS   : 0.000

Type  : Fast 1200mV 0C Model Setup 'serdes_inst|lvds_tx_inst|ALTLVDS_TX_component|auto_generated|lvds_tx_pll|clk[1]'
Slack : 7.045
TNS   : 0.000

Type  : Fast 1200mV 0C Model Hold 'serdes_inst|lvds_tx_inst|ALTLVDS_TX_component|auto_generated|lvds_tx_pll|clk[1]'
Slack : 0.154
TNS   : 0.000

Type  : Fast 1200mV 0C Model Hold 'serdes_inst|lvds_tx_inst|ALTLVDS_TX_component|auto_generated|lvds_tx_pll|clk[0]'
Slack : 0.192
TNS   : 0.000

Type  : Fast 1200mV 0C Model Recovery 'serdes_inst|lvds_tx_inst|ALTLVDS_TX_component|auto_generated|lvds_tx_pll|clk[1]'
Slack : 39.036
TNS   : 0.000

Type  : Fast 1200mV 0C Model Removal 'serdes_inst|lvds_tx_inst|ALTLVDS_TX_component|auto_generated|lvds_tx_pll|clk[1]'
Slack : 0.677
TNS   : 0.000

Type  : Fast 1200mV 0C Model Minimum Pulse Width 'serdes_inst|lvds_tx_inst|ALTLVDS_TX_component|auto_generated|lvds_tx_pll|clk[0]'
Slack : 3.731
TNS   : 0.000

Type  : Fast 1200mV 0C Model Minimum Pulse Width 'i_clk50MHz'
Slack : 9.423
TNS   : 0.000

Type  : Fast 1200mV 0C Model Minimum Pulse Width 'serdes_inst|lvds_tx_inst|ALTLVDS_TX_component|auto_generated|lvds_tx_pll|clk[1]'
Slack : 19.707
TNS   : 0.000

------------------------------------------------------------
